******************************************************************************
             TMS320C2000 Linker PC v6.2.5                      
******************************************************************************
>> Linked Fri Mar 13 19:10:14 2015

OUTPUT FILE NAME:   <20150313(withloop_withAFE).out>
ENTRY POINT SYMBOL: "_c_int00"  address: 000090c0


MEMORY CONFIGURATION

         name            origin    length      used     unused   attr    fill
----------------------  --------  ---------  --------  --------  ----  --------
PAGE 0:
  BEGIN                 00000000   00000002  00000002  00000000  RWIX
  BOOT_RSVD             00000002   0000004e  00000000  0000004e  RWIX
  RAMM0                 00000050   000003b0  00000000  000003b0  RWIX
  RAML                  00008000   00004000  00001580  00002a80  RWIX
  ZONE7A                00200000   0000fc00  00000000  0000fc00  RWIX
  CSM_RSVD              0033ff80   00000076  00000000  00000076  RWIX
  CSM_PWL               0033fff8   00000008  00000000  00000008  RWIX
  ADC_CAL               00380080   00000009  00000007  00000002  RWIX
  IQTABLES              003fe000   00000b50  00000000  00000b50  RWIX
  IQTABLES2             003feb50   0000008c  00000000  0000008c  RWIX
  FPUTABLES             003febdc   000006a0  00000000  000006a0  RWIX
  BOOTROM               003ff27c   00000d44  00000000  00000d44  RWIX
  RESET                 003fffc0   00000002  00000000  00000002  RWIX

PAGE 1:
  RAMM                  00000400   00000400  00000300  00000100  RWIX
  DEV_EMU               00000880   00000180  000000d0  000000b0  RWIX
  FLASH_REGS            00000a80   00000060  00000008  00000058  RWIX
  CSM                   00000ae0   00000010  00000010  00000000  RWIX
  ADC_MIRROR            00000b00   00000010  00000010  00000000  RWIX
  XINTF                 00000b20   00000020  0000001e  00000002  RWIX
  CPU_TIMER0            00000c00   00000008  00000008  00000000  RWIX
  CPU_TIMER1            00000c08   00000008  00000008  00000000  RWIX
  CPU_TIMER2            00000c10   00000008  00000008  00000000  RWIX
  PIE_CTRL              00000ce0   00000020  0000001a  00000006  RWIX
  PIE_VECT              00000d00   00000100  00000100  00000000  RWIX
  DMA                   00001000   00000200  000000e0  00000120  RWIX
  MCBSPA                00005000   00000040  00000025  0000001b  RWIX
  MCBSPB                00005040   00000040  00000025  0000001b  RWIX
  ECANA                 00006000   00000040  00000034  0000000c  RWIX
  ECANA_LAM             00006040   00000040  00000040  00000000  RWIX
  ECANA_MOTS            00006080   00000040  00000040  00000000  RWIX
  ECANA_MOTO            000060c0   00000040  00000040  00000000  RWIX
  ECANA_MBOX            00006100   00000100  00000100  00000000  RWIX
  ECANB                 00006200   00000040  00000034  0000000c  RWIX
  ECANB_LAM             00006240   00000040  00000040  00000000  RWIX
  ECANB_MOTS            00006280   00000040  00000040  00000000  RWIX
  ECANB_MOTO            000062c0   00000040  00000040  00000000  RWIX
  ECANB_MBOX            00006300   00000100  00000100  00000000  RWIX
  EPWM1                 00006800   00000022  00000022  00000000  RWIX
  EPWM2                 00006840   00000022  00000022  00000000  RWIX
  EPWM3                 00006880   00000022  00000022  00000000  RWIX
  EPWM4                 000068c0   00000022  00000022  00000000  RWIX
  EPWM5                 00006900   00000022  00000022  00000000  RWIX
  EPWM6                 00006940   00000022  00000022  00000000  RWIX
  ECAP1                 00006a00   00000020  00000020  00000000  RWIX
  ECAP2                 00006a20   00000020  00000020  00000000  RWIX
  ECAP3                 00006a40   00000020  00000020  00000000  RWIX
  ECAP4                 00006a60   00000020  00000020  00000000  RWIX
  ECAP5                 00006a80   00000020  00000020  00000000  RWIX
  ECAP6                 00006aa0   00000020  00000020  00000000  RWIX
  EQEP1                 00006b00   00000040  00000040  00000000  RWIX
  EQEP2                 00006b40   00000040  00000040  00000000  RWIX
  GPIOCTRL              00006f80   00000040  0000002e  00000012  RWIX
  GPIODAT               00006fc0   00000020  00000020  00000000  RWIX
  GPIOINT               00006fe0   00000020  0000000a  00000016  RWIX
  SYSTEM                00007010   00000020  00000020  00000000  RWIX
  SPIA                  00007040   00000010  00000010  00000000  RWIX
  SCIA                  00007050   00000010  00000010  00000000  RWIX
  XINTRUPT              00007070   00000010  00000010  00000000  RWIX
  ADC                   00007100   00000020  0000001e  00000002  RWIX
  SCIB                  00007750   00000010  00000010  00000000  RWIX
  SCIC                  00007770   00000010  00000010  00000000  RWIX
  I2CA                  00007900   00000040  00000022  0000001e  RWIX
  RAMH                  0000c000   00004000  00003199  00000e67  RWIX
  ZONE7B                0020fc00   00000400  00000000  00000400  RWIX
  CSM_PWL               0033fff8   00000008  00000008  00000000  RWIX


SECTION ALLOCATION MAP

 output                                  attributes/
section   page    origin      length       input sections
--------  ----  ----------  ----------   ----------------
codestart 
*          0    00000000    00000002     
                  00000000    00000002     DSP2833x_CodeStartBranch.obj (codestart)

.pinit     0    00008000    00000000     UNINITIALIZED

.text      0    00008000    00001236     
                  00008000    000004d4     Control.obj (.text)
                  000084d4    00000323     DSP2833x_DefaultIsr.obj (.text:retain)
                  000087f7    0000024e     ADC_all.obj (.text)
                  00008a45    00000146     EPwmSetup.obj (.text:retain)
                  00008b8b    000000f7     DSP2833x_SysCtrl.obj (.text)
                  00008c82    000000c3     EPwmSetup.obj (.text)
                  00008d45    000000a1     DSP2833x_EPwm.obj (.text)
                  00008de6    000000a1     main.obj (.text)
                  00008e87    00000088     rts2800_fpu32.lib : fs_div.obj (.text)
                  00008f0f    00000084     DSP2833x_EQep.obj (.text)
                  00008f93    00000074     Example_posspeed.obj (.text)
                  00009007    00000061     rts2800_fpu32.lib : cos.obj (.text)
                  00009068    00000058                       : sin.obj (.text)
                  000090c0    00000046                       : boot.obj (.text)
                  00009106    0000002e                       : fmod.obj (.text)
                  00009134    00000028     DSP2833x_PieCtrl.obj (.text)
                  0000915c    00000026     MyDefine.obj (.text)
                  00009182    00000023     rts2800_fpu32.lib : sqrt.obj (.text)
                  000091a5    00000020     DSP2833x_PieVect.obj (.text)
                  000091c5    0000001a     rts2800_fpu32.lib : modf.obj (.text)
                  000091df    00000019                       : args_main.obj (.text)
                  000091f8    00000019                       : exit.obj (.text)
                  00009211    00000014     DSP2833x_Adc.obj (.text)
                  00009225    00000009     rts2800_fpu32.lib : _lock.obj (.text)
                  0000922e    00000008     DSP2833x_CodeStartBranch.obj (.text)

.cinit     0    00009236    00000346     
                  00009236    00000272     Control.obj (.cinit)
                  000094a8    00000056     main.obj (.cinit)
                  000094fe    00000038     ADC_all.obj (.cinit)
                  00009536    00000020     Example_posspeed.obj (.cinit)
                  00009556    0000000c     EPwmSetup.obj (.cinit)
                  00009562    0000000a     rts2800_fpu32.lib : _lock.obj (.cinit)
                  0000956c    0000000a                       : exit.obj (.cinit)
                  00009576    00000004                       : errno.obj (.cinit)
                  0000957a    00000002     --HOLE-- [fill = 0]

ramfuncs   0    0000957c    00000004     
                  0000957c    00000004     DSP2833x_usDelay.obj (ramfuncs)

csm_rsvd   0    0033ff80    00000000     DSECT

csmpasswds 
*          0    0033fff8    00000000     DSECT

.adc_cal   0    00380080    00000007     NOLOAD SECTION
                  00380080    00000007     DSP2833x_ADC_cal.obj (.adc_cal)

.reset     0    003fffc0    00000002     DSECT
                  003fffc0    00000002     rts2800_fpu32.lib : boot.obj (.reset)

.stack     1    00000400    00000300     UNINITIALIZED
                  00000400    00000300     --HOLE--

DevEmuRegsFile 
*          1    00000880    000000d0     UNINITIALIZED
                  00000880    000000d0     DSP2833x_GlobalVariableDefs.obj (DevEmuRegsFile)

FlashRegsFile 
*          1    00000a80    00000008     UNINITIALIZED
                  00000a80    00000008     DSP2833x_GlobalVariableDefs.obj (FlashRegsFile)

CsmRegsFile 
*          1    00000ae0    00000010     UNINITIALIZED
                  00000ae0    00000010     DSP2833x_GlobalVariableDefs.obj (CsmRegsFile)

AdcMirrorFile 
*          1    00000b00    00000010     UNINITIALIZED
                  00000b00    00000010     DSP2833x_GlobalVariableDefs.obj (AdcMirrorFile)

XintfRegsFile 
*          1    00000b20    0000001e     UNINITIALIZED
                  00000b20    0000001e     DSP2833x_GlobalVariableDefs.obj (XintfRegsFile)

CpuTimer0RegsFile 
*          1    00000c00    00000008     UNINITIALIZED
                  00000c00    00000008     DSP2833x_GlobalVariableDefs.obj (CpuTimer0RegsFile)

CpuTimer1RegsFile 
*          1    00000c08    00000008     UNINITIALIZED
                  00000c08    00000008     DSP2833x_GlobalVariableDefs.obj (CpuTimer1RegsFile)

CpuTimer2RegsFile 
*          1    00000c10    00000008     UNINITIALIZED
                  00000c10    00000008     DSP2833x_GlobalVariableDefs.obj (CpuTimer2RegsFile)

PieCtrlRegsFile 
*          1    00000ce0    0000001a     UNINITIALIZED
                  00000ce0    0000001a     DSP2833x_GlobalVariableDefs.obj (PieCtrlRegsFile)

PieVectTableFile 
*          1    00000d00    00000100     UNINITIALIZED
                  00000d00    00000100     DSP2833x_GlobalVariableDefs.obj (PieVectTableFile)

DmaRegsFile 
*          1    00001000    000000e0     UNINITIALIZED
                  00001000    000000e0     DSP2833x_GlobalVariableDefs.obj (DmaRegsFile)

McbspaRegsFile 
*          1    00005000    00000025     UNINITIALIZED
                  00005000    00000025     DSP2833x_GlobalVariableDefs.obj (McbspaRegsFile)

McbspbRegsFile 
*          1    00005040    00000025     UNINITIALIZED
                  00005040    00000025     DSP2833x_GlobalVariableDefs.obj (McbspbRegsFile)

ECanaRegsFile 
*          1    00006000    00000034     UNINITIALIZED
                  00006000    00000034     DSP2833x_GlobalVariableDefs.obj (ECanaRegsFile)

ECanaLAMRegsFile 
*          1    00006040    00000040     UNINITIALIZED
                  00006040    00000040     DSP2833x_GlobalVariableDefs.obj (ECanaLAMRegsFile)

ECanaMOTSRegsFile 
*          1    00006080    00000040     UNINITIALIZED
                  00006080    00000040     DSP2833x_GlobalVariableDefs.obj (ECanaMOTSRegsFile)

ECanaMOTORegsFile 
*          1    000060c0    00000040     UNINITIALIZED
                  000060c0    00000040     DSP2833x_GlobalVariableDefs.obj (ECanaMOTORegsFile)

ECanaMboxesFile 
*          1    00006100    00000100     UNINITIALIZED
                  00006100    00000100     DSP2833x_GlobalVariableDefs.obj (ECanaMboxesFile)

ECanbRegsFile 
*          1    00006200    00000034     UNINITIALIZED
                  00006200    00000034     DSP2833x_GlobalVariableDefs.obj (ECanbRegsFile)

ECanbLAMRegsFile 
*          1    00006240    00000040     UNINITIALIZED
                  00006240    00000040     DSP2833x_GlobalVariableDefs.obj (ECanbLAMRegsFile)

ECanbMOTSRegsFile 
*          1    00006280    00000040     UNINITIALIZED
                  00006280    00000040     DSP2833x_GlobalVariableDefs.obj (ECanbMOTSRegsFile)

ECanbMOTORegsFile 
*          1    000062c0    00000040     UNINITIALIZED
                  000062c0    00000040     DSP2833x_GlobalVariableDefs.obj (ECanbMOTORegsFile)

ECanbMboxesFile 
*          1    00006300    00000100     UNINITIALIZED
                  00006300    00000100     DSP2833x_GlobalVariableDefs.obj (ECanbMboxesFile)

EPwm1RegsFile 
*          1    00006800    00000022     UNINITIALIZED
                  00006800    00000022     DSP2833x_GlobalVariableDefs.obj (EPwm1RegsFile)

EPwm2RegsFile 
*          1    00006840    00000022     UNINITIALIZED
                  00006840    00000022     DSP2833x_GlobalVariableDefs.obj (EPwm2RegsFile)

EPwm3RegsFile 
*          1    00006880    00000022     UNINITIALIZED
                  00006880    00000022     DSP2833x_GlobalVariableDefs.obj (EPwm3RegsFile)

EPwm4RegsFile 
*          1    000068c0    00000022     UNINITIALIZED
                  000068c0    00000022     DSP2833x_GlobalVariableDefs.obj (EPwm4RegsFile)

EPwm5RegsFile 
*          1    00006900    00000022     UNINITIALIZED
                  00006900    00000022     DSP2833x_GlobalVariableDefs.obj (EPwm5RegsFile)

EPwm6RegsFile 
*          1    00006940    00000022     UNINITIALIZED
                  00006940    00000022     DSP2833x_GlobalVariableDefs.obj (EPwm6RegsFile)

ECap1RegsFile 
*          1    00006a00    00000020     UNINITIALIZED
                  00006a00    00000020     DSP2833x_GlobalVariableDefs.obj (ECap1RegsFile)

ECap2RegsFile 
*          1    00006a20    00000020     UNINITIALIZED
                  00006a20    00000020     DSP2833x_GlobalVariableDefs.obj (ECap2RegsFile)

ECap3RegsFile 
*          1    00006a40    00000020     UNINITIALIZED
                  00006a40    00000020     DSP2833x_GlobalVariableDefs.obj (ECap3RegsFile)

ECap4RegsFile 
*          1    00006a60    00000020     UNINITIALIZED
                  00006a60    00000020     DSP2833x_GlobalVariableDefs.obj (ECap4RegsFile)

ECap5RegsFile 
*          1    00006a80    00000020     UNINITIALIZED
                  00006a80    00000020     DSP2833x_GlobalVariableDefs.obj (ECap5RegsFile)

ECap6RegsFile 
*          1    00006aa0    00000020     UNINITIALIZED
                  00006aa0    00000020     DSP2833x_GlobalVariableDefs.obj (ECap6RegsFile)

EQep1RegsFile 
*          1    00006b00    00000040     UNINITIALIZED
                  00006b00    00000040     DSP2833x_GlobalVariableDefs.obj (EQep1RegsFile)

EQep2RegsFile 
*          1    00006b40    00000040     UNINITIALIZED
                  00006b40    00000040     DSP2833x_GlobalVariableDefs.obj (EQep2RegsFile)

GpioCtrlRegsFile 
*          1    00006f80    0000002e     UNINITIALIZED
                  00006f80    0000002e     DSP2833x_GlobalVariableDefs.obj (GpioCtrlRegsFile)

GpioDataRegsFile 
*          1    00006fc0    00000020     UNINITIALIZED
                  00006fc0    00000020     DSP2833x_GlobalVariableDefs.obj (GpioDataRegsFile)

GpioIntRegsFile 
*          1    00006fe0    0000000a     UNINITIALIZED
                  00006fe0    0000000a     DSP2833x_GlobalVariableDefs.obj (GpioIntRegsFile)

SysCtrlRegsFile 
*          1    00007010    00000020     UNINITIALIZED
                  00007010    00000020     DSP2833x_GlobalVariableDefs.obj (SysCtrlRegsFile)

SpiaRegsFile 
*          1    00007040    00000010     UNINITIALIZED
                  00007040    00000010     DSP2833x_GlobalVariableDefs.obj (SpiaRegsFile)

SciaRegsFile 
*          1    00007050    00000010     UNINITIALIZED
                  00007050    00000010     DSP2833x_GlobalVariableDefs.obj (SciaRegsFile)

XIntruptRegsFile 
*          1    00007070    00000010     UNINITIALIZED
                  00007070    00000010     DSP2833x_GlobalVariableDefs.obj (XIntruptRegsFile)

AdcRegsFile 
*          1    00007100    0000001e     UNINITIALIZED
                  00007100    0000001e     DSP2833x_GlobalVariableDefs.obj (AdcRegsFile)

ScibRegsFile 
*          1    00007750    00000010     UNINITIALIZED
                  00007750    00000010     DSP2833x_GlobalVariableDefs.obj (ScibRegsFile)

ScicRegsFile 
*          1    00007770    00000010     UNINITIALIZED
                  00007770    00000010     DSP2833x_GlobalVariableDefs.obj (ScicRegsFile)

I2caRegsFile 
*          1    00007900    00000022     UNINITIALIZED
                  00007900    00000022     DSP2833x_GlobalVariableDefs.obj (I2caRegsFile)

.ebss      1    0000c000    00003099     UNINITIALIZED
                  0000c000    00002f60     main.obj (.ebss)
                  0000ef60    00000018     DSP2833x_CpuTimers.obj (.ebss)
                  0000ef78    00000008     Example_posspeed.obj (.ebss)
                  0000ef80    000000fe     Control.obj (.ebss)
                  0000f07e    00000001     rts2800_fpu32.lib : errno.obj (.ebss)
                  0000f07f    00000001     --HOLE--
                  0000f080    0000000e     ADC_all.obj (.ebss)
                  0000f08e    00000004     rts2800_fpu32.lib : _lock.obj (.ebss)
                  0000f092    00000004                       : exit.obj (.ebss)
                  0000f096    00000003     EPwmSetup.obj (.ebss)

.econst    1    0000f09a    00000100     
                  0000f09a    00000100     DSP2833x_PieVect.obj (.econst)

CsmPwlFile 
*          1    0033fff8    00000008     UNINITIALIZED
                  0033fff8    00000008     DSP2833x_GlobalVariableDefs.obj (CsmPwlFile)


GLOBAL DATA SYMBOLS: SORTED BY DATA PAGE

address     data page           name
--------    ----------------    ----
00000400      10 (00000400)     __stack

00000880      22 (00000880)     _DevEmuRegs

00000a80      2a (00000a80)     _FlashRegs

00000ae0      2b (00000ac0)     _CsmRegs

00000b00      2c (00000b00)     _AdcMirror
00000b20      2c (00000b00)     _XintfRegs

00000c00      30 (00000c00)     _CpuTimer0Regs
00000c08      30 (00000c00)     _CpuTimer1Regs
00000c10      30 (00000c00)     _CpuTimer2Regs

00000ce0      33 (00000cc0)     _PieCtrlRegs

00000d00      34 (00000d00)     _PieVectTable

00001000      40 (00001000)     _DmaRegs

00005000     140 (00005000)     _McbspaRegs

00005040     141 (00005040)     _McbspbRegs

00006000     180 (00006000)     _ECanaRegs

00006040     181 (00006040)     _ECanaLAMRegs

00006080     182 (00006080)     _ECanaMOTSRegs

000060c0     183 (000060c0)     _ECanaMOTORegs

00006100     184 (00006100)     _ECanaMboxes

00006200     188 (00006200)     _ECanbRegs

00006240     189 (00006240)     _ECanbLAMRegs

00006280     18a (00006280)     _ECanbMOTSRegs

000062c0     18b (000062c0)     _ECanbMOTORegs

00006300     18c (00006300)     _ECanbMboxes

00006800     1a0 (00006800)     _EPwm1Regs

00006840     1a1 (00006840)     _EPwm2Regs

00006880     1a2 (00006880)     _EPwm3Regs

000068c0     1a3 (000068c0)     _EPwm4Regs

00006900     1a4 (00006900)     _EPwm5Regs

00006940     1a5 (00006940)     _EPwm6Regs

00006a00     1a8 (00006a00)     _ECap1Regs
00006a20     1a8 (00006a00)     _ECap2Regs

00006a40     1a9 (00006a40)     _ECap3Regs
00006a60     1a9 (00006a40)     _ECap4Regs

00006a80     1aa (00006a80)     _ECap5Regs
00006aa0     1aa (00006a80)     _ECap6Regs

00006b00     1ac (00006b00)     _EQep1Regs

00006b40     1ad (00006b40)     _EQep2Regs

00006f80     1be (00006f80)     _GpioCtrlRegs

00006fc0     1bf (00006fc0)     _GpioDataRegs
00006fe0     1bf (00006fc0)     _GpioIntRegs

00007010     1c0 (00007000)     _SysCtrlRegs

00007040     1c1 (00007040)     _SpiaRegs
00007050     1c1 (00007040)     _SciaRegs
00007070     1c1 (00007040)     _XIntruptRegs

00007100     1c4 (00007100)     _AdcRegs

00007750     1dd (00007740)     _ScibRegs
00007770     1dd (00007740)     _ScicRegs

00007900     1e4 (00007900)     _I2caRegs

0000c000     300 (0000c000)     _testcount
0000c001     300 (0000c000)     _StopFlag
0000c002     300 (0000c000)     _viewcountFlag
0000c003     300 (0000c000)     _ErrorFlag
0000c004     300 (0000c000)     _viewcount
0000c005     300 (0000c000)     _Tc1
0000c006     300 (0000c000)     _RelayFlag
0000c007     300 (0000c000)     _Flag
0000c008     300 (0000c000)     _EndFlag1
0000c009     300 (0000c000)     _StartFlag
0000c00a     300 (0000c000)     _qep_posspeed

0000c040     301 (0000c040)     _v2

0000d000     340 (0000d000)     _v3

0000dfc0     37f (0000dfc0)     _v1

0000ef60     3bd (0000ef40)     _CpuTimer1
0000ef68     3bd (0000ef40)     _CpuTimer2
0000ef70     3bd (0000ef40)     _CpuTimer0
0000ef78     3bd (0000ef40)     _ChangFlag
0000ef79     3bd (0000ef40)     _deltaErrorFlag
0000ef7a     3bd (0000ef40)     _theta_raw_view2
0000ef7b     3bd (0000ef40)     _theta_raw_view1
0000ef7c     3bd (0000ef40)     _theta_raw_view3
0000ef7d     3bd (0000ef40)     _delta_N0
0000ef7e     3bd (0000ef40)     _delta_N
0000ef7f     3bd (0000ef40)     _theta_raw0

0000ef80     3be (0000ef80)     _TcountFlag
0000ef81     3be (0000ef80)     _Krc
0000ef82     3be (0000ef80)     _EndFlag2
0000ef83     3be (0000ef80)     _Tc2
0000ef84     3be (0000ef80)     _ir_a
0000ef86     3be (0000ef80)     _isq_p
0000ef88     3be (0000ef80)     _ir_c
0000ef8a     3be (0000ef80)     _ir_b
0000ef8c     3be (0000ef80)     _cos_theta_Is_p
0000ef8e     3be (0000ef80)     _sin_theta_Is
0000ef90     3be (0000ef80)     _isd_p
0000ef92     3be (0000ef80)     _sin_theta_Is_p
0000ef94     3be (0000ef80)     _cos_theta_Ir_r
0000ef96     3be (0000ef80)     _abs_Ir
0000ef98     3be (0000ef80)     _theta_r
0000ef9a     3be (0000ef80)     _sin_theta_Ir_r
0000ef9c     3be (0000ef80)     _sin_theta_Ir
0000ef9e     3be (0000ef80)     _ird_r
0000efa0     3be (0000ef80)     _irq_r
0000efa2     3be (0000ef80)     _cos_theta_Ir
0000efa4     3be (0000ef80)     _Usd_p
0000efa6     3be (0000ef80)     _sin_theta_Us_p
0000efa8     3be (0000ef80)     _cos_theta_Us_p0
0000efaa     3be (0000ef80)     _Usq_p
0000efac     3be (0000ef80)     _cos_theta_Us
0000efae     3be (0000ef80)     _abs_Us
0000efb0     3be (0000ef80)     _cos_theta_Us_p
0000efb2     3be (0000ef80)     _sin_theta_Us
0000efb4     3be (0000ef80)     _isq
0000efb6     3be (0000ef80)     _isd
0000efb8     3be (0000ef80)     _cos_theta_Is
0000efba     3be (0000ef80)     _abs_Is
0000efbc     3be (0000ef80)     _is_a
0000efbe     3be (0000ef80)     _sin_theta_Us_p0

0000efc0     3bf (0000efc0)     _is_c
0000efc2     3bf (0000efc0)     _is_b
0000efc4     3bf (0000efc0)     _theta_Ur
0000efc6     3bf (0000efc0)     _Ur
0000efc8     3bf (0000efc0)     _view_theta
0000efca     3bf (0000efc0)     _view_w0
0000efcc     3bf (0000efc0)     _ura_r_ref
0000efce     3bf (0000efc0)     _sin_theta_Ur_r_ref
0000efd0     3bf (0000efc0)     _urc_r_ref
0000efd2     3bf (0000efc0)     _urb_r_ref
0000efd4     3bf (0000efc0)     _ParameterKRef
0000efd6     3bf (0000efc0)     _offsetc
0000efd8     3bf (0000efc0)     _ParameterDRef
0000efda     3bf (0000efc0)     _ParameterQRef
0000efdc     3bf (0000efc0)     _ka
0000efde     3bf (0000efc0)     _viewq
0000efe0     3bf (0000efc0)     _offseta
0000efe2     3bf (0000efc0)     _kc
0000efe4     3bf (0000efc0)     _Qs
0000efe6     3bf (0000efc0)     _Ps
0000efe8     3bf (0000efc0)     _urd_p_ref
0000efea     3bf (0000efc0)     _urq_p_ref
0000efec     3bf (0000efc0)     _sin_theta_Ir_p
0000efee     3bf (0000efc0)     _cos_theta_Ir_p
0000eff0     3bf (0000efc0)     _irq_p
0000eff2     3bf (0000efc0)     _ird_p
0000eff4     3bf (0000efc0)     _cos_theta_Ur_ref
0000eff6     3bf (0000efc0)     _sin_theta_Ur_p_ref
0000eff8     3bf (0000efc0)     _cos_theta_Ur_r_ref
0000effa     3bf (0000efc0)     _sin_theta_Ur_ref
0000effc     3bf (0000efc0)     _ird_p_ref
0000effe     3bf (0000efc0)     _irq_p_ref

0000f000     3c0 (0000f000)     _cos_theta_Ur_p_ref
0000f002     3c0 (0000f000)     _abs_Ur_ref
0000f004     3c0 (0000f000)     _u2
0000f006     3c0 (0000f000)     _e1_0
0000f008     3c0 (0000f000)     _e2
0000f00a     3c0 (0000f000)     _u2_0
0000f00c     3c0 (0000f000)     _u1
0000f00e     3c0 (0000f000)     _Ki4
0000f010     3c0 (0000f000)     _e1
0000f012     3c0 (0000f000)     _u1_0
0000f014     3c0 (0000f000)     _u4
0000f016     3c0 (0000f000)     _e3_0
0000f018     3c0 (0000f000)     _e4
0000f01a     3c0 (0000f000)     _u4_0
0000f01c     3c0 (0000f000)     _u3
0000f01e     3c0 (0000f000)     _e2_0
0000f020     3c0 (0000f000)     _e3
0000f022     3c0 (0000f000)     _u3_0
0000f024     3c0 (0000f000)     _e4_0
0000f026     3c0 (0000f000)     _wm
0000f028     3c0 (0000f000)     _theta_m
0000f02a     3c0 (0000f000)     _Ki2
0000f02c     3c0 (0000f000)     _Kp2
0000f02e     3c0 (0000f000)     _Ki3
0000f030     3c0 (0000f000)     _Kp3
0000f032     3c0 (0000f000)     _Qs_ref
0000f034     3c0 (0000f000)     _Ps_ref
0000f036     3c0 (0000f000)     _Ki1
0000f038     3c0 (0000f000)     _Kp1
0000f03a     3c0 (0000f000)     _Udc
0000f03c     3c0 (0000f000)     _Rotor_line_ic
0000f03e     3c0 (0000f000)     _us_bc

0000f040     3c1 (0000f040)     _us_ab
0000f042     3c1 (0000f040)     _Stator_line_ia
0000f044     3c1 (0000f040)     _Grid_ubc
0000f046     3c1 (0000f040)     _Rotor_line_ia
0000f048     3c1 (0000f040)     _Stator_line_ic
0000f04a     3c1 (0000f040)     _us_b
0000f04c     3c1 (0000f040)     _us_a
0000f04e     3c1 (0000f040)     _usd
0000f050     3c1 (0000f040)     _us_c
0000f052     3c1 (0000f040)     _is_c_line
0000f054     3c1 (0000f040)     _is_a_line
0000f056     3c1 (0000f040)     _ir_c_line
0000f058     3c1 (0000f040)     _ir_a_line
0000f05a     3c1 (0000f040)     _usq
0000f05c     3c1 (0000f040)     _u_limited4
0000f05e     3c1 (0000f040)     _u_limited2
0000f060     3c1 (0000f040)     _u_0
0000f062     3c1 (0000f040)     _u
0000f064     3c1 (0000f040)     _u_real2
0000f066     3c1 (0000f040)     _Kp4
0000f068     3c1 (0000f040)     _sta
0000f06a     3c1 (0000f040)     _u_real4
0000f06c     3c1 (0000f040)     _theta_Ug1
0000f06e     3c1 (0000f040)     _theta_Ug0
0000f070     3c1 (0000f040)     _Stator_ubc
0000f072     3c1 (0000f040)     _Stator_uab
0000f074     3c1 (0000f040)     _e_0
0000f076     3c1 (0000f040)     _e
0000f078     3c1 (0000f040)     _theta_Ug
0000f07a     3c1 (0000f040)     _w_0
0000f07c     3c1 (0000f040)     _Grid_uab
0000f07e     3c1 (0000f040)     _errno

0000f080     3c2 (0000f080)     _RotorIaOverCurrent
0000f081     3c2 (0000f080)     _RotorIcOverCurrent
0000f082     3c2 (0000f080)     _ADC_Udc
0000f083     3c2 (0000f080)     _AD7607_Rotor_Ia
0000f084     3c2 (0000f080)     _AD7607_Rotor_Ic
0000f085     3c2 (0000f080)     _ADC_UdcOverVoltage
0000f086     3c2 (0000f080)     _RotorIaOverCurrentFlag
0000f087     3c2 (0000f080)     _RotorIcOverCurrentFlag
0000f088     3c2 (0000f080)     _AD7607_Grid_Uab
0000f089     3c2 (0000f080)     _AD7607_Stator_Ubc
0000f08a     3c2 (0000f080)     _AD7607_Stator_Ia
0000f08b     3c2 (0000f080)     _AD7607_Stator_Ic
0000f08c     3c2 (0000f080)     _AD7607_Stator_Uab
0000f08d     3c2 (0000f080)     _AD7607_Grid_Ubc
0000f08e     3c2 (0000f080)     __unlock
0000f090     3c2 (0000f080)     __lock
0000f092     3c2 (0000f080)     ___TI_cleanup_ptr
0000f094     3c2 (0000f080)     ___TI_dtors_ptr
0000f096     3c2 (0000f080)     _Ksatrt
0000f097     3c2 (0000f080)     _vt
0000f098     3c2 (0000f080)     _countFlag
0000f09a     3c2 (0000f080)     _PieVectTableInit

0033fff8    cfff (0033ffc0)     _CsmPwl


GLOBAL SYMBOLS: SORTED ALPHABETICALLY BY Name 

address    name
--------   ----
00008000   .text
000091f8   C$$EXIT
00008e87   FS$$DIV
000089de   _AD7607DataTransition
0000884d   _AD7607Init
000087f7   _AD7607InitGpio
000088a3   _AD7607Resualt
0000f088   _AD7607_Grid_Uab
0000f08d   _AD7607_Grid_Ubc
0000f083   _AD7607_Rotor_Ia
0000f084   _AD7607_Rotor_Ic
0000f08a   _AD7607_Stator_Ia
0000f08b   _AD7607_Stator_Ic
0000f08c   _AD7607_Stator_Uab
0000f089   _AD7607_Stator_Ubc
000085ba   _ADCINT_ISR
0000f082   _ADC_Udc
0000f085   _ADC_UdcOverVoltage
00380080   _ADC_cal
00000b00   _AdcMirror
00007100   _AdcRegs
0000ef78   _ChangFlag
00008000   _Control
0000ef70   _CpuTimer0
00000c00   _CpuTimer0Regs
0000ef60   _CpuTimer1
00000c08   _CpuTimer1Regs
0000ef68   _CpuTimer2
00000c10   _CpuTimer2Regs
0033fff8   _CsmPwl
00000ae0   _CsmRegs
00008c51   _CsmUnlock
000084e8   _DATALOG_ISR
000086dc   _DINTCH1_ISR
000086e6   _DINTCH2_ISR
000086f0   _DINTCH3_ISR
000086fa   _DINTCH4_ISR
00008704   _DINTCH5_ISR
0000870e   _DINTCH6_ISR
0000957c   _DSP28x_usDelay
00000880   _DevEmuRegs
00008b9e   _DisableDog
00001000   _DmaRegs
00008768   _ECAN0INTA_ISR
0000877c   _ECAN0INTB_ISR
00008772   _ECAN1INTA_ISR
00008786   _ECAN1INTB_ISR
00008650   _ECAP1_INT_ISR
0000865a   _ECAP2_INT_ISR
00008664   _ECAP3_INT_ISR
0000866e   _ECAP4_INT_ISR
00008678   _ECAP5_INT_ISR
00008682   _ECAP6_INT_ISR
00006040   _ECanaLAMRegs
000060c0   _ECanaMOTORegs
00006080   _ECanaMOTSRegs
00006100   _ECanaMboxes
00006000   _ECanaRegs
00006240   _ECanbLAMRegs
000062c0   _ECanbMOTORegs
00006280   _ECanbMOTSRegs
00006300   _ECanbMboxes
00006200   _ECanbRegs
00006a00   _ECap1Regs
00006a20   _ECap2Regs
00006a40   _ECap3Regs
00006a60   _ECap4Regs
00006a80   _ECap5Regs
00006aa0   _ECap6Regs
000087d6   _EMPTY_ISR
000084fc   _EMUINT_ISR
00008614   _EPWM1_INT_ISR
000085d8   _EPWM1_TZINT_ISR
0000861e   _EPWM2_INT_ISR
000085e2   _EPWM2_TZINT_ISR
00008628   _EPWM3_INT_ISR
000085ec   _EPWM3_TZINT_ISR
00008632   _EPWM4_INT_ISR
000085f6   _EPWM4_TZINT_ISR
0000863c   _EPWM5_INT_ISR
00008600   _EPWM5_TZINT_ISR
00008646   _EPWM6_INT_ISR
0000860a   _EPWM6_TZINT_ISR
00006800   _EPwm1Regs
00006840   _EPwm2Regs
00006880   _EPwm3Regs
000068c0   _EPwm4Regs
00006900   _EPwm5Regs
00006940   _EPwm6Regs
0000868c   _EQEP1_INT_ISR
00008696   _EQEP2_INT_ISR
00006b00   _EQep1Regs
00006b40   _EQep2Regs
00009174   _EnDisableEPWMGpio
00009153   _EnableInterrupts
0000c008   _EndFlag1
0000ef82   _EndFlag2
0000c003   _ErrorFlag
0000c007   _Flag
00000a80   _FlashRegs
00008919   _GetAdcData
00008880   _GetUdcData
00006f80   _GpioCtrlRegs
00006fc0   _GpioDataRegs
00006fe0   _GpioIntRegs
0000f07c   _Grid_uab
0000f044   _Grid_ubc
00008718   _I2CINT1A_ISR
00008722   _I2CINT2A_ISR
00007900   _I2caRegs
00008510   _ILLEGAL_ISR
000084d4   _INT13_ISR
000084de   _INT14_ISR
00009211   _InitAdc
00008d45   _InitEPwm
00008d53   _InitEPwm1Gpio
00008c82   _InitEPwm1forSPWM
00008d65   _InitEPwm2Gpio
00008cc3   _InitEPwm2forSPWM
00008d77   _InitEPwm3Gpio
00008d04   _InitEPwm3forSPWM
00008d8b   _InitEPwm4Gpio
00008d9f   _InitEPwm5Gpio
00008db1   _InitEPwm6Gpio
00008d46   _InitEPwmGpio
00008dc3   _InitEPwmSyncGpio
00008f0f   _InitEQep
00008f45   _InitEQep1Gpio
00008f6d   _InitEQep2Gpio
00008f40   _InitEQepGpio
00008bf6   _InitPeripheralClocks
00009134   _InitPieCtrl
000091a5   _InitPieVectTable
00008ba6   _InitPll
00008b8b   _InitSysCtrl
00008dd7   _InitTzGpio
0000885b   _InitUdcAdc
0000f036   _Ki1
0000f02a   _Ki2
0000f02e   _Ki3
0000f00e   _Ki4
0000f038   _Kp1
0000f02c   _Kp2
0000f030   _Kp3
0000f066   _Kp4
0000ef81   _Krc
0000f096   _Ksatrt
000087cc   _LUF_ISR
000087c2   _LVF_ISR
000086c8   _MRINTA_ISR
000086b4   _MRINTB_ISR
000086d2   _MXINTA_ISR
000086be   _MXINTB_ISR
00005000   _McbspaRegs
00005040   _McbspbRegs
00008506   _NMI_ISR
000087e3   _PIE_RESERVED
00008fb3   _POSSPEED_Calc
00008f93   _POSSPEED_Init
0000efd8   _ParameterDRef
0000efd4   _ParameterKRef
0000efda   _ParameterQRef
00000ce0   _PieCtrlRegs
00000d00   _PieVectTable
0000f09a   _PieVectTableInit
0000efe6   _Ps
0000f034   _Ps_ref
0000efe4   _Qs
0000f032   _Qs_ref
000084f2   _RTOSINT_ISR
0000c006   _RelayFlag
0000915c   _RelayInitGpio
0000f080   _RotorIaOverCurrent
0000f086   _RotorIaOverCurrentFlag
0000f081   _RotorIcOverCurrent
0000f087   _RotorIcOverCurrentFlag
0000f046   _Rotor_line_ia
0000f03c   _Rotor_line_ic
00008740   _SCIRXINTA_ISR
00008754   _SCIRXINTB_ISR
0000872c   _SCIRXINTC_ISR
0000874a   _SCITXINTA_ISR
0000875e   _SCITXINTB_ISR
00008736   _SCITXINTC_ISR
00008592   _SEQ1INT_ISR
0000859c   _SEQ2INT_ISR
000086a0   _SPIRXINTA_ISR
000086aa   _SPITXINTA_ISR
00007050   _SciaRegs
00007750   _ScibRegs
00007770   _ScicRegs
00008b94   _ServiceDog
00007040   _SpiaRegs
0000c009   _StartFlag
0000f042   _Stator_line_ia
0000f048   _Stator_line_ic
0000f072   _Stator_uab
0000f070   _Stator_ubc
0000c001   _StopFlag
00007010   _SysCtrlRegs
000085c4   _TINT0_ISR
0000c005   _Tc1
0000ef83   _Tc2
0000ef80   _TcountFlag
00008574   _USER10_ISR
0000857e   _USER11_ISR
00008588   _USER12_ISR
0000851a   _USER1_ISR
00008524   _USER2_ISR
0000852e   _USER3_ISR
00008538   _USER4_ISR
00008542   _USER5_ISR
0000854c   _USER6_ISR
00008556   _USER7_ISR
00008560   _USER8_ISR
0000856a   _USER9_ISR
0000f03a   _Udc
0000efc6   _Ur
0000efa4   _Usd_p
0000efaa   _Usq_p
000085ce   _WAKEINT_ISR
000085a6   _XINT1_ISR
000085b0   _XINT2_ISR
00008790   _XINT3_ISR
0000879a   _XINT4_ISR
000087a4   _XINT5_ISR
000087ae   _XINT6_ISR
000087b8   _XINT7_ISR
00007070   _XIntruptRegs
00000b20   _XintfRegs
00000700   __STACK_END
00000300   __STACK_SIZE
00000001   __TI_args_main
0000f092   ___TI_cleanup_ptr
0000f094   ___TI_dtors_ptr
ffffffff   ___binit__
ffffffff   ___c_args__
00009236   ___cinit__
00009236   ___etext__
ffffffff   ___pinit__
00008000   ___text__
000091df   __args_main
0000f090   __lock
0000922d   __nop
00009229   __register_lock
00009225   __register_unlock
00000400   __stack
0000f08e   __unlock
000091f8   _abort
0000ef96   _abs_Ir
0000efba   _abs_Is
0000f002   _abs_Ur_ref
0000efae   _abs_Us
000090c0   _c_int00
00009007   _cos
0000efa2   _cos_theta_Ir
0000efee   _cos_theta_Ir_p
0000ef94   _cos_theta_Ir_r
0000efb8   _cos_theta_Is
0000ef8c   _cos_theta_Is_p
0000f000   _cos_theta_Ur_p_ref
0000eff8   _cos_theta_Ur_r_ref
0000eff4   _cos_theta_Ur_ref
0000efac   _cos_theta_Us
0000efb0   _cos_theta_Us_p
0000efa8   _cos_theta_Us_p0
0000f098   _countFlag
0000ef79   _deltaErrorFlag
0000ef7e   _delta_N
0000ef7d   _delta_N0
00008487   _discrete_PI
0000f076   _e
0000f010   _e1
0000f006   _e1_0
0000f008   _e2
0000f01e   _e2_0
0000f020   _e3
0000f016   _e3_0
0000f018   _e4
0000f024   _e4_0
0000f074   _e_0
00008a45   _epwm1_isr
00008ad3   _epwm2_isr
00008b2f   _epwm3_isr
0000f07e   _errno
000091fa   _exit
00009106   _fmod
0000ef84   _ir_a
0000f058   _ir_a_line
0000ef8a   _ir_b
0000ef88   _ir_c
0000f056   _ir_c_line
0000eff2   _ird_p
0000effc   _ird_p_ref
0000ef9e   _ird_r
0000eff0   _irq_p
0000effe   _irq_p_ref
0000efa0   _irq_r
0000efbc   _is_a
0000f054   _is_a_line
0000efc2   _is_b
0000efc0   _is_c
0000f052   _is_c_line
0000efb6   _isd
0000ef90   _isd_p
0000efb4   _isq
0000ef86   _isq_p
0000efdc   _ka
0000efe2   _kc
00008de6   _main
000091c5   _modf
0000efe0   _offseta
0000efd6   _offsetc
0000c00a   _qep_posspeed
000087ed   _rsvd_ISR
00009068   _sin
0000ef9c   _sin_theta_Ir
0000efec   _sin_theta_Ir_p
0000ef9a   _sin_theta_Ir_r
0000ef8e   _sin_theta_Is
0000ef92   _sin_theta_Is_p
0000eff6   _sin_theta_Ur_p_ref
0000efce   _sin_theta_Ur_r_ref
0000effa   _sin_theta_Ur_ref
0000efb2   _sin_theta_Us
0000efa6   _sin_theta_Us_p
0000efbe   _sin_theta_Us_p0
00009182   _sqrt
0000f068   _sta
0000c000   _testcount
0000f078   _theta_Ug
0000f06e   _theta_Ug0
0000f06c   _theta_Ug1
0000efc4   _theta_Ur
0000f028   _theta_m
0000ef98   _theta_r
0000ef7f   _theta_raw0
0000ef7b   _theta_raw_view1
0000ef7a   _theta_raw_view2
0000ef7c   _theta_raw_view3
0000f062   _u
0000f00c   _u1
0000f012   _u1_0
0000f004   _u2
0000f00a   _u2_0
0000f01c   _u3
0000f022   _u3_0
0000f014   _u4
0000f01a   _u4_0
0000f060   _u_0
0000f05e   _u_limited2
0000f05c   _u_limited4
0000f064   _u_real2
0000f06a   _u_real4
0000efcc   _ura_r_ref
0000efd2   _urb_r_ref
0000efd0   _urc_r_ref
0000efe8   _urd_p_ref
0000efea   _urq_p_ref
0000f04c   _us_a
0000f040   _us_ab
0000f04a   _us_b
0000f03e   _us_bc
0000f050   _us_c
0000f04e   _usd
0000f05a   _usq
0000dfc0   _v1
0000c040   _v2
0000d000   _v3
0000efc8   _view_theta
0000efca   _view_w0
0000c004   _viewcount
0000c002   _viewcountFlag
0000efde   _viewq
000084b2   _voltage_limit
0000f097   _vt
0000f07a   _w_0
0000f026   _wm
ffffffff   binit
00009236   cinit
00000000   code_start
00009236   etext
ffffffff   pinit


GLOBAL SYMBOLS: SORTED BY Symbol Address 

address    name
--------   ----
00000000   code_start
00000001   __TI_args_main
00000300   __STACK_SIZE
00000400   __stack
00000700   __STACK_END
00000880   _DevEmuRegs
00000a80   _FlashRegs
00000ae0   _CsmRegs
00000b00   _AdcMirror
00000b20   _XintfRegs
00000c00   _CpuTimer0Regs
00000c08   _CpuTimer1Regs
00000c10   _CpuTimer2Regs
00000ce0   _PieCtrlRegs
00000d00   _PieVectTable
00001000   _DmaRegs
00005000   _McbspaRegs
00005040   _McbspbRegs
00006000   _ECanaRegs
00006040   _ECanaLAMRegs
00006080   _ECanaMOTSRegs
000060c0   _ECanaMOTORegs
00006100   _ECanaMboxes
00006200   _ECanbRegs
00006240   _ECanbLAMRegs
00006280   _ECanbMOTSRegs
000062c0   _ECanbMOTORegs
00006300   _ECanbMboxes
00006800   _EPwm1Regs
00006840   _EPwm2Regs
00006880   _EPwm3Regs
000068c0   _EPwm4Regs
00006900   _EPwm5Regs
00006940   _EPwm6Regs
00006a00   _ECap1Regs
00006a20   _ECap2Regs
00006a40   _ECap3Regs
00006a60   _ECap4Regs
00006a80   _ECap5Regs
00006aa0   _ECap6Regs
00006b00   _EQep1Regs
00006b40   _EQep2Regs
00006f80   _GpioCtrlRegs
00006fc0   _GpioDataRegs
00006fe0   _GpioIntRegs
00007010   _SysCtrlRegs
00007040   _SpiaRegs
00007050   _SciaRegs
00007070   _XIntruptRegs
00007100   _AdcRegs
00007750   _ScibRegs
00007770   _ScicRegs
00007900   _I2caRegs
00008000   .text
00008000   _Control
00008000   ___text__
00008487   _discrete_PI
000084b2   _voltage_limit
000084d4   _INT13_ISR
000084de   _INT14_ISR
000084e8   _DATALOG_ISR
000084f2   _RTOSINT_ISR
000084fc   _EMUINT_ISR
00008506   _NMI_ISR
00008510   _ILLEGAL_ISR
0000851a   _USER1_ISR
00008524   _USER2_ISR
0000852e   _USER3_ISR
00008538   _USER4_ISR
00008542   _USER5_ISR
0000854c   _USER6_ISR
00008556   _USER7_ISR
00008560   _USER8_ISR
0000856a   _USER9_ISR
00008574   _USER10_ISR
0000857e   _USER11_ISR
00008588   _USER12_ISR
00008592   _SEQ1INT_ISR
0000859c   _SEQ2INT_ISR
000085a6   _XINT1_ISR
000085b0   _XINT2_ISR
000085ba   _ADCINT_ISR
000085c4   _TINT0_ISR
000085ce   _WAKEINT_ISR
000085d8   _EPWM1_TZINT_ISR
000085e2   _EPWM2_TZINT_ISR
000085ec   _EPWM3_TZINT_ISR
000085f6   _EPWM4_TZINT_ISR
00008600   _EPWM5_TZINT_ISR
0000860a   _EPWM6_TZINT_ISR
00008614   _EPWM1_INT_ISR
0000861e   _EPWM2_INT_ISR
00008628   _EPWM3_INT_ISR
00008632   _EPWM4_INT_ISR
0000863c   _EPWM5_INT_ISR
00008646   _EPWM6_INT_ISR
00008650   _ECAP1_INT_ISR
0000865a   _ECAP2_INT_ISR
00008664   _ECAP3_INT_ISR
0000866e   _ECAP4_INT_ISR
00008678   _ECAP5_INT_ISR
00008682   _ECAP6_INT_ISR
0000868c   _EQEP1_INT_ISR
00008696   _EQEP2_INT_ISR
000086a0   _SPIRXINTA_ISR
000086aa   _SPITXINTA_ISR
000086b4   _MRINTB_ISR
000086be   _MXINTB_ISR
000086c8   _MRINTA_ISR
000086d2   _MXINTA_ISR
000086dc   _DINTCH1_ISR
000086e6   _DINTCH2_ISR
000086f0   _DINTCH3_ISR
000086fa   _DINTCH4_ISR
00008704   _DINTCH5_ISR
0000870e   _DINTCH6_ISR
00008718   _I2CINT1A_ISR
00008722   _I2CINT2A_ISR
0000872c   _SCIRXINTC_ISR
00008736   _SCITXINTC_ISR
00008740   _SCIRXINTA_ISR
0000874a   _SCITXINTA_ISR
00008754   _SCIRXINTB_ISR
0000875e   _SCITXINTB_ISR
00008768   _ECAN0INTA_ISR
00008772   _ECAN1INTA_ISR
0000877c   _ECAN0INTB_ISR
00008786   _ECAN1INTB_ISR
00008790   _XINT3_ISR
0000879a   _XINT4_ISR
000087a4   _XINT5_ISR
000087ae   _XINT6_ISR
000087b8   _XINT7_ISR
000087c2   _LVF_ISR
000087cc   _LUF_ISR
000087d6   _EMPTY_ISR
000087e3   _PIE_RESERVED
000087ed   _rsvd_ISR
000087f7   _AD7607InitGpio
0000884d   _AD7607Init
0000885b   _InitUdcAdc
00008880   _GetUdcData
000088a3   _AD7607Resualt
00008919   _GetAdcData
000089de   _AD7607DataTransition
00008a45   _epwm1_isr
00008ad3   _epwm2_isr
00008b2f   _epwm3_isr
00008b8b   _InitSysCtrl
00008b94   _ServiceDog
00008b9e   _DisableDog
00008ba6   _InitPll
00008bf6   _InitPeripheralClocks
00008c51   _CsmUnlock
00008c82   _InitEPwm1forSPWM
00008cc3   _InitEPwm2forSPWM
00008d04   _InitEPwm3forSPWM
00008d45   _InitEPwm
00008d46   _InitEPwmGpio
00008d53   _InitEPwm1Gpio
00008d65   _InitEPwm2Gpio
00008d77   _InitEPwm3Gpio
00008d8b   _InitEPwm4Gpio
00008d9f   _InitEPwm5Gpio
00008db1   _InitEPwm6Gpio
00008dc3   _InitEPwmSyncGpio
00008dd7   _InitTzGpio
00008de6   _main
00008e87   FS$$DIV
00008f0f   _InitEQep
00008f40   _InitEQepGpio
00008f45   _InitEQep1Gpio
00008f6d   _InitEQep2Gpio
00008f93   _POSSPEED_Init
00008fb3   _POSSPEED_Calc
00009007   _cos
00009068   _sin
000090c0   _c_int00
00009106   _fmod
00009134   _InitPieCtrl
00009153   _EnableInterrupts
0000915c   _RelayInitGpio
00009174   _EnDisableEPWMGpio
00009182   _sqrt
000091a5   _InitPieVectTable
000091c5   _modf
000091df   __args_main
000091f8   C$$EXIT
000091f8   _abort
000091fa   _exit
00009211   _InitAdc
00009225   __register_unlock
00009229   __register_lock
0000922d   __nop
00009236   ___cinit__
00009236   ___etext__
00009236   cinit
00009236   etext
0000957c   _DSP28x_usDelay
0000c000   _testcount
0000c001   _StopFlag
0000c002   _viewcountFlag
0000c003   _ErrorFlag
0000c004   _viewcount
0000c005   _Tc1
0000c006   _RelayFlag
0000c007   _Flag
0000c008   _EndFlag1
0000c009   _StartFlag
0000c00a   _qep_posspeed
0000c040   _v2
0000d000   _v3
0000dfc0   _v1
0000ef60   _CpuTimer1
0000ef68   _CpuTimer2
0000ef70   _CpuTimer0
0000ef78   _ChangFlag
0000ef79   _deltaErrorFlag
0000ef7a   _theta_raw_view2
0000ef7b   _theta_raw_view1
0000ef7c   _theta_raw_view3
0000ef7d   _delta_N0
0000ef7e   _delta_N
0000ef7f   _theta_raw0
0000ef80   _TcountFlag
0000ef81   _Krc
0000ef82   _EndFlag2
0000ef83   _Tc2
0000ef84   _ir_a
0000ef86   _isq_p
0000ef88   _ir_c
0000ef8a   _ir_b
0000ef8c   _cos_theta_Is_p
0000ef8e   _sin_theta_Is
0000ef90   _isd_p
0000ef92   _sin_theta_Is_p
0000ef94   _cos_theta_Ir_r
0000ef96   _abs_Ir
0000ef98   _theta_r
0000ef9a   _sin_theta_Ir_r
0000ef9c   _sin_theta_Ir
0000ef9e   _ird_r
0000efa0   _irq_r
0000efa2   _cos_theta_Ir
0000efa4   _Usd_p
0000efa6   _sin_theta_Us_p
0000efa8   _cos_theta_Us_p0
0000efaa   _Usq_p
0000efac   _cos_theta_Us
0000efae   _abs_Us
0000efb0   _cos_theta_Us_p
0000efb2   _sin_theta_Us
0000efb4   _isq
0000efb6   _isd
0000efb8   _cos_theta_Is
0000efba   _abs_Is
0000efbc   _is_a
0000efbe   _sin_theta_Us_p0
0000efc0   _is_c
0000efc2   _is_b
0000efc4   _theta_Ur
0000efc6   _Ur
0000efc8   _view_theta
0000efca   _view_w0
0000efcc   _ura_r_ref
0000efce   _sin_theta_Ur_r_ref
0000efd0   _urc_r_ref
0000efd2   _urb_r_ref
0000efd4   _ParameterKRef
0000efd6   _offsetc
0000efd8   _ParameterDRef
0000efda   _ParameterQRef
0000efdc   _ka
0000efde   _viewq
0000efe0   _offseta
0000efe2   _kc
0000efe4   _Qs
0000efe6   _Ps
0000efe8   _urd_p_ref
0000efea   _urq_p_ref
0000efec   _sin_theta_Ir_p
0000efee   _cos_theta_Ir_p
0000eff0   _irq_p
0000eff2   _ird_p
0000eff4   _cos_theta_Ur_ref
0000eff6   _sin_theta_Ur_p_ref
0000eff8   _cos_theta_Ur_r_ref
0000effa   _sin_theta_Ur_ref
0000effc   _ird_p_ref
0000effe   _irq_p_ref
0000f000   _cos_theta_Ur_p_ref
0000f002   _abs_Ur_ref
0000f004   _u2
0000f006   _e1_0
0000f008   _e2
0000f00a   _u2_0
0000f00c   _u1
0000f00e   _Ki4
0000f010   _e1
0000f012   _u1_0
0000f014   _u4
0000f016   _e3_0
0000f018   _e4
0000f01a   _u4_0
0000f01c   _u3
0000f01e   _e2_0
0000f020   _e3
0000f022   _u3_0
0000f024   _e4_0
0000f026   _wm
0000f028   _theta_m
0000f02a   _Ki2
0000f02c   _Kp2
0000f02e   _Ki3
0000f030   _Kp3
0000f032   _Qs_ref
0000f034   _Ps_ref
0000f036   _Ki1
0000f038   _Kp1
0000f03a   _Udc
0000f03c   _Rotor_line_ic
0000f03e   _us_bc
0000f040   _us_ab
0000f042   _Stator_line_ia
0000f044   _Grid_ubc
0000f046   _Rotor_line_ia
0000f048   _Stator_line_ic
0000f04a   _us_b
0000f04c   _us_a
0000f04e   _usd
0000f050   _us_c
0000f052   _is_c_line
0000f054   _is_a_line
0000f056   _ir_c_line
0000f058   _ir_a_line
0000f05a   _usq
0000f05c   _u_limited4
0000f05e   _u_limited2
0000f060   _u_0
0000f062   _u
0000f064   _u_real2
0000f066   _Kp4
0000f068   _sta
0000f06a   _u_real4
0000f06c   _theta_Ug1
0000f06e   _theta_Ug0
0000f070   _Stator_ubc
0000f072   _Stator_uab
0000f074   _e_0
0000f076   _e
0000f078   _theta_Ug
0000f07a   _w_0
0000f07c   _Grid_uab
0000f07e   _errno
0000f080   _RotorIaOverCurrent
0000f081   _RotorIcOverCurrent
0000f082   _ADC_Udc
0000f083   _AD7607_Rotor_Ia
0000f084   _AD7607_Rotor_Ic
0000f085   _ADC_UdcOverVoltage
0000f086   _RotorIaOverCurrentFlag
0000f087   _RotorIcOverCurrentFlag
0000f088   _AD7607_Grid_Uab
0000f089   _AD7607_Stator_Ubc
0000f08a   _AD7607_Stator_Ia
0000f08b   _AD7607_Stator_Ic
0000f08c   _AD7607_Stator_Uab
0000f08d   _AD7607_Grid_Ubc
0000f08e   __unlock
0000f090   __lock
0000f092   ___TI_cleanup_ptr
0000f094   ___TI_dtors_ptr
0000f096   _Ksatrt
0000f097   _vt
0000f098   _countFlag
0000f09a   _PieVectTableInit
0033fff8   _CsmPwl
00380080   _ADC_cal
ffffffff   ___binit__
ffffffff   ___c_args__
ffffffff   ___pinit__
ffffffff   binit
ffffffff   pinit

[383 symbols]
